Performing C SOURCE FILE Test CMAKE_HAVE_LIBC_PTHREAD failed with the following output:
Change Dir: /work/fpga_clustering_pipline_gift/tools/DREAMPlaceFPGA/build/CMakeFiles/CMakeTmp

Run Build Command(s):/usr/bin/make -f Makefile cmTC_8ce52/fast && /usr/bin/make  -f CMakeFiles/cmTC_8ce52.dir/build.make CMakeFiles/cmTC_8ce52.dir/build
make[1]: Entering directory '/work/fpga_clustering_pipline_gift/tools/DREAMPlaceFPGA/build/CMakeFiles/CMakeTmp'
Building C object CMakeFiles/cmTC_8ce52.dir/src.c.o
/usr/bin/cc -DCMAKE_HAVE_LIBC_PTHREAD  -fPIE -o CMakeFiles/cmTC_8ce52.dir/src.c.o -c /work/fpga_clustering_pipline_gift/tools/DREAMPlaceFPGA/build/CMakeFiles/CMakeTmp/src.c
Linking C executable cmTC_8ce52
/opt/cmake/bin/cmake -E cmake_link_script CMakeFiles/cmTC_8ce52.dir/link.txt --verbose=1
/usr/bin/cc CMakeFiles/cmTC_8ce52.dir/src.c.o -o cmTC_8ce52 
CMakeFiles/cmTC_8ce52.dir/src.c.o: In function `main':
src.c:(.text+0x3e): undefined reference to `pthread_create'
src.c:(.text+0x4a): undefined reference to `pthread_detach'
src.c:(.text+0x56): undefined reference to `pthread_cancel'
src.c:(.text+0x67): undefined reference to `pthread_join'
src.c:(.text+0x7b): undefined reference to `pthread_atfork'
collect2: error: ld returned 1 exit status
CMakeFiles/cmTC_8ce52.dir/build.make:98: recipe for target 'cmTC_8ce52' failed
make[1]: *** [cmTC_8ce52] Error 1
make[1]: Leaving directory '/work/fpga_clustering_pipline_gift/tools/DREAMPlaceFPGA/build/CMakeFiles/CMakeTmp'
Makefile:127: recipe for target 'cmTC_8ce52/fast' failed
make: *** [cmTC_8ce52/fast] Error 2


Source file was:
#include <pthread.h>

static void* test_func(void* data)
{
  return data;
}

int main(void)
{
  pthread_t thread;
  pthread_create(&thread, NULL, test_func, NULL);
  pthread_detach(thread);
  pthread_cancel(thread);
  pthread_join(thread, NULL);
  pthread_atfork(NULL, NULL, NULL);
  pthread_exit(NULL);

  return 0;
}

Determining if the function pthread_create exists in the pthreads failed with the following output:
Change Dir: /work/fpga_clustering_pipline_gift/tools/DREAMPlaceFPGA/build/CMakeFiles/CMakeTmp

Run Build Command(s):/usr/bin/make -f Makefile cmTC_48804/fast && /usr/bin/make  -f CMakeFiles/cmTC_48804.dir/build.make CMakeFiles/cmTC_48804.dir/build
make[1]: Entering directory '/work/fpga_clustering_pipline_gift/tools/DREAMPlaceFPGA/build/CMakeFiles/CMakeTmp'
Building C object CMakeFiles/cmTC_48804.dir/CheckFunctionExists.c.o
/usr/bin/cc   -DCHECK_FUNCTION_EXISTS=pthread_create -fPIE -o CMakeFiles/cmTC_48804.dir/CheckFunctionExists.c.o -c /opt/cmake/share/cmake-3.21/Modules/CheckFunctionExists.c
Linking C executable cmTC_48804
/opt/cmake/bin/cmake -E cmake_link_script CMakeFiles/cmTC_48804.dir/link.txt --verbose=1
/usr/bin/cc  -DCHECK_FUNCTION_EXISTS=pthread_create CMakeFiles/cmTC_48804.dir/CheckFunctionExists.c.o -o cmTC_48804  -lpthreads 
/usr/bin/ld: cannot find -lpthreads
collect2: error: ld returned 1 exit status
CMakeFiles/cmTC_48804.dir/build.make:98: recipe for target 'cmTC_48804' failed
make[1]: *** [cmTC_48804] Error 1
make[1]: Leaving directory '/work/fpga_clustering_pipline_gift/tools/DREAMPlaceFPGA/build/CMakeFiles/CMakeTmp'
Makefile:127: recipe for target 'cmTC_48804/fast' failed
make: *** [cmTC_48804/fast] Error 2



