seed: 4007
Namespace(data_root='/export/home/keli/ZPJ/par/ML-SpecPart/HyperCutNet/rawdata_titan11_TritonPart_fixed_links', checkpoint='titan11_TritonPart_pin2net_gat_chunk30k_group_bs5_from_train_v2', resume=False, resume_from='/export/home/keli/ZPJ/par/ML-SpecPart/checkpoints/titan11_TritonPart_pin2net_gat_chunk30k_topk50_normov_v1/best_model_graph_split.pth', batch_size=5, pin_base_dim=2, net_base_dim=1, hidden_dim=128, layers=3, epochs=100, lr=0.0001, use_node2vec=False, use_node2vec_disk_cache=False, use_pagerank=True, pin_struct_feat_mode='hetero', prune_overlap_topk=50, prune_overlap_min_weight=0, normalize_overlap_weights=True, use_ubfactor=True, ub_isolate=True, ub_max=20, save_predictions=False, dataset_savepath='/export/home/keli/ZPJ/par/ML-SpecPart/HyperCutNet/cache/titan11_TritonPart_pr_ubiso_topk50_normov', eval_weighted_metrics=False, grouped_encode_once=False, pin2net_type='gat', pin2net_gat_heads=4, pin2net_gat_feat_drop=0.0, pin2net_gat_attn_drop=0.0, pin2net_gat_chunk_nets=30000, net2net_type='graphconv', net2net_gat_heads=4, net2net_gat_feat_drop=0.0, net2net_gat_attn_drop=0.0, net2pin_type='graphconv', net2pin_gat_heads=4, net2pin_gat_feat_drop=0.0, net2pin_gat_attn_drop=0.0)
NetPredictor(
  (pin_projector): Linear(in_features=5, out_features=128, bias=True)
  (net_projector): Linear(in_features=1, out_features=128, bias=True)
  (layers): ModuleList(
    (0-2): 3 x ThreeStageGNNLayer(
      (conv_pin2net): GATConv(
        (fc_src): Linear(in_features=128, out_features=128, bias=False)
        (fc_dst): Linear(in_features=128, out_features=128, bias=False)
        (feat_drop): Dropout(p=0.0, inplace=False)
        (attn_drop): Dropout(p=0.0, inplace=False)
        (leaky_relu): LeakyReLU(negative_slope=0.2)
      )
      (conv_net2net): GraphConv(in=128, out=128, normalization=right, activation=None)
      (conv_net2pin): GraphConv(in=128, out=128, normalization=right, activation=None)
      (norm_net_1): LayerNorm((128,), eps=1e-05, elementwise_affine=True)
      (norm_net_2): LayerNorm((128,), eps=1e-05, elementwise_affine=True)
      (norm_pin): LayerNorm((128,), eps=1e-05, elementwise_affine=True)
    )
  )
  (predictor): Sequential(
    (0): Linear(in_features=129, out_features=128, bias=True)
    (1): ReLU()
    (2): Dropout(p=0.2, inplace=False)
    (3): Linear(in_features=128, out_features=1, bias=True)
  )
)
Scanning /export/home/keli/ZPJ/par/ML-SpecPart/HyperCutNet/rawdata_titan11_TritonPart_fixed_links for designs...
Loaded prebuilt dataset from /export/home/keli/ZPJ/par/ML-SpecPart/HyperCutNet/cache/titan11_TritonPart_pr_ubiso_topk50_normov (designs=11, solutions=4394)
Dataset: 4394 solutions, 11 train groups
Split: Train 3515, Val 439, Test 440
Loaded model weights from /export/home/keli/ZPJ/par/ML-SpecPart/checkpoints/titan11_TritonPart_pin2net_gat_chunk30k_topk50_normov_v1/best_model_graph_split.pth, but no optimizer/epoch state was found. Training will restart the optimizer from epoch 0.

--- Start Group-by-Group Training (one step per batch) ---
Epoch 000 | Train Loss: 0.0060 | Val Loss: 0.0071 | Val P: 0.6742 | Val R: 0.3132 | Val F1: 0.4277
Epoch 005 | Train Loss: 0.0059 | Val Loss: 0.0072 | Val P: 0.4983 | Val R: 0.3515 | Val F1: 0.4122
Epoch 010 | Train Loss: 0.0059 | Val Loss: 0.0064 | Val P: 0.7545 | Val R: 0.3043 | Val F1: 0.4336
Epoch 015 | Train Loss: 0.0058 | Val Loss: 0.0068 | Val P: 0.6487 | Val R: 0.3204 | Val F1: 0.4289
Epoch 020 | Train Loss: 0.0058 | Val Loss: 0.0067 | Val P: 0.7477 | Val R: 0.3092 | Val F1: 0.4374
Epoch 025 | Train Loss: 0.0057 | Val Loss: 0.0067 | Val P: 0.7890 | Val R: 0.2684 | Val F1: 0.4005
seed: 1988
Namespace(data_root='/export/home/keli/ZPJ/par/ML-SpecPart/HyperCutNet/rawdata_titan11_TritonPart_fixed_links', checkpoint='titan11_TritonPart_pin2net_gat_chunk30k_group_bs5_from_train_v2', resume=True, resume_from=None, batch_size=5, pin_base_dim=2, net_base_dim=1, hidden_dim=128, layers=3, epochs=100, lr=0.0001, use_node2vec=False, use_node2vec_disk_cache=False, use_pagerank=True, pin_struct_feat_mode='hetero', prune_overlap_topk=50, prune_overlap_min_weight=0, normalize_overlap_weights=True, use_ubfactor=True, ub_isolate=True, ub_max=20, save_predictions=False, dataset_savepath='/export/home/keli/ZPJ/par/ML-SpecPart/HyperCutNet/cache/titan11_TritonPart_pr_ubiso_topk50_normov', eval_weighted_metrics=False, grouped_encode_once=False, pin2net_type='gat', pin2net_gat_heads=4, pin2net_gat_feat_drop=0.0, pin2net_gat_attn_drop=0.0, pin2net_gat_chunk_nets=30000, net2net_type='graphconv', net2net_gat_heads=4, net2net_gat_feat_drop=0.0, net2net_gat_attn_drop=0.0, net2pin_type='graphconv', net2pin_gat_heads=4, net2pin_gat_feat_drop=0.0, net2pin_gat_attn_drop=0.0)
NetPredictor(
  (pin_projector): Linear(in_features=5, out_features=128, bias=True)
  (net_projector): Linear(in_features=1, out_features=128, bias=True)
  (layers): ModuleList(
    (0-2): 3 x ThreeStageGNNLayer(
      (conv_pin2net): GATConv(
        (fc_src): Linear(in_features=128, out_features=128, bias=False)
        (fc_dst): Linear(in_features=128, out_features=128, bias=False)
        (feat_drop): Dropout(p=0.0, inplace=False)
        (attn_drop): Dropout(p=0.0, inplace=False)
        (leaky_relu): LeakyReLU(negative_slope=0.2)
      )
      (conv_net2net): GraphConv(in=128, out=128, normalization=right, activation=None)
      (conv_net2pin): GraphConv(in=128, out=128, normalization=right, activation=None)
      (norm_net_1): LayerNorm((128,), eps=1e-05, elementwise_affine=True)
      (norm_net_2): LayerNorm((128,), eps=1e-05, elementwise_affine=True)
      (norm_pin): LayerNorm((128,), eps=1e-05, elementwise_affine=True)
    )
  )
  (predictor): Sequential(
    (0): Linear(in_features=129, out_features=128, bias=True)
    (1): ReLU()
    (2): Dropout(p=0.2, inplace=False)
    (3): Linear(in_features=128, out_features=1, bias=True)
  )
)
Scanning /export/home/keli/ZPJ/par/ML-SpecPart/HyperCutNet/rawdata_titan11_TritonPart_fixed_links for designs...
Loaded prebuilt dataset from /export/home/keli/ZPJ/par/ML-SpecPart/HyperCutNet/cache/titan11_TritonPart_pr_ubiso_topk50_normov (designs=11, solutions=4394)
Dataset: 4394 solutions, 11 train groups
Split: Train 3515, Val 439, Test 440
Resumed full checkpoint from ../checkpoints/titan11_TritonPart_pin2net_gat_chunk30k_group_bs5_from_train_v2/last_checkpoint.pth | start_epoch=27 | best_val_f1=0.4374

--- Start Group-by-Group Training (one step per batch) ---
Epoch 030 | Train Loss: 0.0058 | Val Loss: 0.0068 | Val P: 0.6165 | Val R: 0.2055 | Val F1: 0.3082
Epoch 035 | Train Loss: 0.0058 | Val Loss: 0.0073 | Val P: 0.6015 | Val R: 0.2545 | Val F1: 0.3576
Epoch 040 | Train Loss: 0.0058 | Val Loss: 0.0066 | Val P: 0.8266 | Val R: 0.2260 | Val F1: 0.3549
Epoch 045 | Train Loss: 0.0057 | Val Loss: 0.0069 | Val P: 0.8446 | Val R: 0.1714 | Val F1: 0.2850
Epoch 050 | Train Loss: 0.0057 | Val Loss: 0.0076 | Val P: 0.6454 | Val R: 0.2798 | Val F1: 0.3904
Epoch 055 | Train Loss: 0.0058 | Val Loss: 0.0069 | Val P: 0.6218 | Val R: 0.3264 | Val F1: 0.4281
Epoch 060 | Train Loss: 0.0057 | Val Loss: 0.0084 | Val P: 0.4748 | Val R: 0.2959 | Val F1: 0.3646
Epoch 065 | Train Loss: 0.0057 | Val Loss: 0.0067 | Val P: 0.8001 | Val R: 0.2392 | Val F1: 0.3684
Epoch 070 | Train Loss: 0.0057 | Val Loss: 0.0064 | Val P: 0.7784 | Val R: 0.2424 | Val F1: 0.3696
Epoch 075 | Train Loss: 0.0057 | Val Loss: 0.0071 | Val P: 0.8544 | Val R: 0.2282 | Val F1: 0.3602
Epoch 080 | Train Loss: 0.0057 | Val Loss: 0.0067 | Val P: 0.7689 | Val R: 0.2413 | Val F1: 0.3674
Epoch 085 | Train Loss: 0.0058 | Val Loss: 0.0065 | Val P: 0.7467 | Val R: 0.2853 | Val F1: 0.4129
Epoch 090 | Train Loss: 0.0056 | Val Loss: 0.0076 | Val P: 0.5221 | Val R: 0.3371 | Val F1: 0.4097
Epoch 095 | Train Loss: 0.0057 | Val Loss: 0.0068 | Val P: 0.7223 | Val R: 0.2256 | Val F1: 0.3438

--- Final Testing ---
Test Precision: 0.7276 | Test Recall: 0.3017 | Test F1: 0.4265
