seed: 3865
Namespace(data_root='/export/home/keli/ZPJ/par/ML-SpecPart/HyperCutNet/rawdata_titan11_Kahyper_fixed_links', checkpoint='titan11_Kahyper_pin2net_gat_chunk30k_group_bs5_from_scratch_v1', resume=False, resume_from=None, batch_size=5, pin_base_dim=2, net_base_dim=1, hidden_dim=128, layers=3, epochs=100, lr=0.0001, use_node2vec=False, use_node2vec_disk_cache=False, use_pagerank=True, pin_struct_feat_mode='hetero', prune_overlap_topk=50, prune_overlap_min_weight=0, normalize_overlap_weights=True, use_ubfactor=True, ub_isolate=True, ub_max=20, save_predictions=False, dataset_savepath='/export/home/keli/ZPJ/par/ML-SpecPart/HyperCutNet/cache/titan11_Kahyper_pr_ubiso_topk50_normov', eval_weighted_metrics=False, grouped_encode_once=False, pin2net_type='gat', pin2net_gat_heads=4, pin2net_gat_feat_drop=0.0, pin2net_gat_attn_drop=0.0, pin2net_gat_chunk_nets=30000, net2net_type='graphconv', net2net_gat_heads=4, net2net_gat_feat_drop=0.0, net2net_gat_attn_drop=0.0, net2pin_type='graphconv', net2pin_gat_heads=4, net2pin_gat_feat_drop=0.0, net2pin_gat_attn_drop=0.0)
NetPredictor(
  (pin_projector): Linear(in_features=5, out_features=128, bias=True)
  (net_projector): Linear(in_features=1, out_features=128, bias=True)
  (layers): ModuleList(
    (0-2): 3 x ThreeStageGNNLayer(
      (conv_pin2net): GATConv(
        (fc_src): Linear(in_features=128, out_features=128, bias=False)
        (fc_dst): Linear(in_features=128, out_features=128, bias=False)
        (feat_drop): Dropout(p=0.0, inplace=False)
        (attn_drop): Dropout(p=0.0, inplace=False)
        (leaky_relu): LeakyReLU(negative_slope=0.2)
      )
      (conv_net2net): GraphConv(in=128, out=128, normalization=right, activation=None)
      (conv_net2pin): GraphConv(in=128, out=128, normalization=right, activation=None)
      (norm_net_1): LayerNorm((128,), eps=1e-05, elementwise_affine=True)
      (norm_net_2): LayerNorm((128,), eps=1e-05, elementwise_affine=True)
      (norm_pin): LayerNorm((128,), eps=1e-05, elementwise_affine=True)
    )
  )
  (predictor): Sequential(
    (0): Linear(in_features=129, out_features=128, bias=True)
    (1): ReLU()
    (2): Dropout(p=0.2, inplace=False)
    (3): Linear(in_features=128, out_features=1, bias=True)
  )
)
Scanning /export/home/keli/ZPJ/par/ML-SpecPart/HyperCutNet/rawdata_titan11_Kahyper_fixed_links for designs...
Loaded prebuilt dataset from /export/home/keli/ZPJ/par/ML-SpecPart/HyperCutNet/cache/titan11_Kahyper_pr_ubiso_topk50_normov (designs=11, solutions=4400)
Dataset: 4400 solutions, 11 train groups
Split: Train 3520, Val 440, Test 440

--- Start Group-by-Group Training (one step per batch) ---
Epoch 000 | Train Loss: 0.0449 | Val Loss: 0.0164 | Val P: 0.0000 | Val R: 0.0000 | Val F1: 0.0000
Epoch 005 | Train Loss: 0.0090 | Val Loss: 0.0155 | Val P: 0.1854 | Val R: 0.2189 | Val F1: 0.2007
seed: 4788
Namespace(data_root='/export/home/keli/ZPJ/par/ML-SpecPart/HyperCutNet/rawdata_titan11_Kahyper_fixed_links', checkpoint='titan11_Kahyper_pin2net_gat_chunk30k_group_bs5_from_scratch_v1', resume=True, resume_from=None, batch_size=5, pin_base_dim=2, net_base_dim=1, hidden_dim=128, layers=3, epochs=100, lr=0.0001, use_node2vec=False, use_node2vec_disk_cache=False, use_pagerank=True, pin_struct_feat_mode='hetero', prune_overlap_topk=50, prune_overlap_min_weight=0, normalize_overlap_weights=True, use_ubfactor=True, ub_isolate=True, ub_max=20, save_predictions=False, dataset_savepath='/export/home/keli/ZPJ/par/ML-SpecPart/HyperCutNet/cache/titan11_Kahyper_pr_ubiso_topk50_normov', eval_weighted_metrics=False, grouped_encode_once=False, pin2net_type='gat', pin2net_gat_heads=4, pin2net_gat_feat_drop=0.0, pin2net_gat_attn_drop=0.0, pin2net_gat_chunk_nets=30000, net2net_type='graphconv', net2net_gat_heads=4, net2net_gat_feat_drop=0.0, net2net_gat_attn_drop=0.0, net2pin_type='graphconv', net2pin_gat_heads=4, net2pin_gat_feat_drop=0.0, net2pin_gat_attn_drop=0.0)
NetPredictor(
  (pin_projector): Linear(in_features=5, out_features=128, bias=True)
  (net_projector): Linear(in_features=1, out_features=128, bias=True)
  (layers): ModuleList(
    (0-2): 3 x ThreeStageGNNLayer(
      (conv_pin2net): GATConv(
        (fc_src): Linear(in_features=128, out_features=128, bias=False)
        (fc_dst): Linear(in_features=128, out_features=128, bias=False)
        (feat_drop): Dropout(p=0.0, inplace=False)
        (attn_drop): Dropout(p=0.0, inplace=False)
        (leaky_relu): LeakyReLU(negative_slope=0.2)
      )
      (conv_net2net): GraphConv(in=128, out=128, normalization=right, activation=None)
      (conv_net2pin): GraphConv(in=128, out=128, normalization=right, activation=None)
      (norm_net_1): LayerNorm((128,), eps=1e-05, elementwise_affine=True)
      (norm_net_2): LayerNorm((128,), eps=1e-05, elementwise_affine=True)
      (norm_pin): LayerNorm((128,), eps=1e-05, elementwise_affine=True)
    )
  )
  (predictor): Sequential(
    (0): Linear(in_features=129, out_features=128, bias=True)
    (1): ReLU()
    (2): Dropout(p=0.2, inplace=False)
    (3): Linear(in_features=128, out_features=1, bias=True)
  )
)
Scanning /export/home/keli/ZPJ/par/ML-SpecPart/HyperCutNet/rawdata_titan11_Kahyper_fixed_links for designs...
Loaded prebuilt dataset from /export/home/keli/ZPJ/par/ML-SpecPart/HyperCutNet/cache/titan11_Kahyper_pr_ubiso_topk50_normov (designs=11, solutions=4400)
Dataset: 4400 solutions, 11 train groups
Split: Train 3520, Val 440, Test 440
Resumed full checkpoint from ../checkpoints/titan11_Kahyper_pin2net_gat_chunk30k_group_bs5_from_scratch_v1/last_checkpoint.pth | start_epoch=6 | best_val_f1=0.2007

--- Start Group-by-Group Training (one step per batch) ---
Epoch 010 | Train Loss: 0.0083 | Val Loss: 0.0145 | Val P: 0.1993 | Val R: 0.1912 | Val F1: 0.1952
Epoch 015 | Train Loss: 0.0081 | Val Loss: 0.0124 | Val P: 0.2487 | Val R: 0.2059 | Val F1: 0.2253
Epoch 020 | Train Loss: 0.0080 | Val Loss: 0.0104 | Val P: 0.6620 | Val R: 0.1180 | Val F1: 0.2003
Epoch 025 | Train Loss: 0.0075 | Val Loss: 0.0131 | Val P: 0.4180 | Val R: 0.1700 | Val F1: 0.2417
Epoch 030 | Train Loss: 0.0079 | Val Loss: 0.0102 | Val P: 0.7557 | Val R: 0.0768 | Val F1: 0.1395
Epoch 035 | Train Loss: 0.0076 | Val Loss: 0.0102 | Val P: 0.5243 | Val R: 0.1523 | Val F1: 0.2361
Epoch 040 | Train Loss: 0.0076 | Val Loss: 0.0176 | Val P: 0.1648 | Val R: 0.3043 | Val F1: 0.2138
Epoch 045 | Train Loss: 0.0075 | Val Loss: 0.0099 | Val P: 0.8189 | Val R: 0.0721 | Val F1: 0.1325
Epoch 050 | Train Loss: 0.0073 | Val Loss: 0.0112 | Val P: 0.2875 | Val R: 0.1995 | Val F1: 0.2356
Epoch 055 | Train Loss: 0.0073 | Val Loss: 0.0100 | Val P: 0.5442 | Val R: 0.2441 | Val F1: 0.3371
Epoch 060 | Train Loss: 0.0072 | Val Loss: 0.0162 | Val P: 0.2686 | Val R: 0.2961 | Val F1: 0.2817
Epoch 065 | Train Loss: 0.0072 | Val Loss: 0.0093 | Val P: 0.6642 | Val R: 0.1451 | Val F1: 0.2382
Epoch 070 | Train Loss: 0.0076 | Val Loss: 0.0093 | Val P: 0.6371 | Val R: 0.1406 | Val F1: 0.2303
Epoch 075 | Train Loss: 0.0073 | Val Loss: 0.0115 | Val P: 0.2593 | Val R: 0.2477 | Val F1: 0.2534
Epoch 080 | Train Loss: 0.0071 | Val Loss: 0.0151 | Val P: 0.3115 | Val R: 0.2235 | Val F1: 0.2602
Epoch 085 | Train Loss: 0.0072 | Val Loss: 0.0113 | Val P: 0.3118 | Val R: 0.2742 | Val F1: 0.2918
Epoch 090 | Train Loss: 0.0070 | Val Loss: 0.0101 | Val P: 0.4272 | Val R: 0.1752 | Val F1: 0.2485
Epoch 095 | Train Loss: 0.0070 | Val Loss: 0.0107 | Val P: 0.7310 | Val R: 0.0960 | Val F1: 0.1697

--- Final Testing ---
Test Precision: 0.5630 | Test Recall: 0.2444 | Test F1: 0.3409
